/home/hossein/ros2_ws/src/sitl_dvrk_interface/install/sitl_dvrk_interface/lib/python3.10/site-packages/sitl_dvrk_interface/__init__.py
/home/hossein/ros2_ws/src/sitl_dvrk_interface/install/sitl_dvrk_interface/lib/python3.10/site-packages/sitl_dvrk_interface/pub_cp.py
/home/hossein/ros2_ws/src/sitl_dvrk_interface/install/sitl_dvrk_interface/lib/python3.10/site-packages/sitl_dvrk_interface/pub_tf.py
/home/hossein/ros2_ws/src/sitl_dvrk_interface/install/sitl_dvrk_interface/lib/python3.10/site-packages/sitl_dvrk_interface/utils/__init__.py
/home/hossein/ros2_ws/src/sitl_dvrk_interface/install/sitl_dvrk_interface/lib/python3.10/site-packages/sitl_dvrk_interface/utils/pcl_utils.py
/home/hossein/ros2_ws/src/sitl_dvrk_interface/install/sitl_dvrk_interface/lib/python3.10/site-packages/sitl_dvrk_interface/utils/dt2_utils.py
/home/hossein/ros2_ws/src/sitl_dvrk_interface/install/sitl_dvrk_interface/lib/python3.10/site-packages/sitl_dvrk_interface/utils/ma_utils.py
/home/hossein/ros2_ws/src/sitl_dvrk_interface/install/sitl_dvrk_interface/lib/python3.10/site-packages/sitl_dvrk_interface/utils/tapnet_utils.py
/home/hossein/ros2_ws/src/sitl_dvrk_interface/install/sitl_dvrk_interface/lib/python3.10/site-packages/sitl_dvrk_interface/utils/misc_utils.py
/home/hossein/ros2_ws/src/sitl_dvrk_interface/install/sitl_dvrk_interface/lib/python3.10/site-packages/sitl_dvrk_interface/utils/dvrk_utils.py
/home/hossein/ros2_ws/src/sitl_dvrk_interface/install/sitl_dvrk_interface/lib/python3.10/site-packages/sitl_dvrk_interface/utils/mdino_utils.py
/home/hossein/ros2_ws/src/sitl_dvrk_interface/install/sitl_dvrk_interface/lib/python3.10/site-packages/sitl_dvrk_interface/utils/dvrk_devel_utils.py
/home/hossein/ros2_ws/src/sitl_dvrk_interface/install/sitl_dvrk_interface/lib/python3.10/site-packages/sitl_dvrk_interface/utils/ecm_utils.py
/home/hossein/ros2_ws/src/sitl_dvrk_interface/install/sitl_dvrk_interface/lib/python3.10/site-packages/sitl_dvrk_interface/utils/ik_devel_utils.py
/home/hossein/ros2_ws/src/sitl_dvrk_interface/install/sitl_dvrk_interface/lib/python3.10/site-packages/sitl_dvrk_interface/utils/cv_utils.py
/home/hossein/ros2_ws/src/sitl_dvrk_interface/install/sitl_dvrk_interface/lib/python3.10/site-packages/sitl_dvrk_interface/utils/ik_utils.py
/home/hossein/ros2_ws/src/sitl_dvrk_interface/install/sitl_dvrk_interface/lib/python3.10/site-packages/sitl_dvrk_interface/utils/cv_cuda_utils.py
/home/hossein/ros2_ws/src/sitl_dvrk_interface/install/sitl_dvrk_interface/lib/python3.10/site-packages/sitl_dvrk_interface/utils/aruco_utils.py
/home/hossein/ros2_ws/src/sitl_dvrk_interface/install/sitl_dvrk_interface/lib/python3.10/site-packages/sitl_dvrk_interface/utils/tf_utils.py
/home/hossein/ros2_ws/src/sitl_dvrk_interface/install/sitl_dvrk_interface/lib/python3.10/site-packages/sitl_dvrk_interface/__pycache__/__init__.cpython-310.pyc
/home/hossein/ros2_ws/src/sitl_dvrk_interface/install/sitl_dvrk_interface/lib/python3.10/site-packages/sitl_dvrk_interface/__pycache__/pub_cp.cpython-310.pyc
/home/hossein/ros2_ws/src/sitl_dvrk_interface/install/sitl_dvrk_interface/lib/python3.10/site-packages/sitl_dvrk_interface/__pycache__/pub_tf.cpython-310.pyc
/home/hossein/ros2_ws/src/sitl_dvrk_interface/install/sitl_dvrk_interface/lib/python3.10/site-packages/sitl_dvrk_interface/utils/__pycache__/__init__.cpython-310.pyc
/home/hossein/ros2_ws/src/sitl_dvrk_interface/install/sitl_dvrk_interface/lib/python3.10/site-packages/sitl_dvrk_interface/utils/__pycache__/pcl_utils.cpython-310.pyc
/home/hossein/ros2_ws/src/sitl_dvrk_interface/install/sitl_dvrk_interface/lib/python3.10/site-packages/sitl_dvrk_interface/utils/__pycache__/dt2_utils.cpython-310.pyc
/home/hossein/ros2_ws/src/sitl_dvrk_interface/install/sitl_dvrk_interface/lib/python3.10/site-packages/sitl_dvrk_interface/utils/__pycache__/ma_utils.cpython-310.pyc
/home/hossein/ros2_ws/src/sitl_dvrk_interface/install/sitl_dvrk_interface/lib/python3.10/site-packages/sitl_dvrk_interface/utils/__pycache__/tapnet_utils.cpython-310.pyc
/home/hossein/ros2_ws/src/sitl_dvrk_interface/install/sitl_dvrk_interface/lib/python3.10/site-packages/sitl_dvrk_interface/utils/__pycache__/misc_utils.cpython-310.pyc
/home/hossein/ros2_ws/src/sitl_dvrk_interface/install/sitl_dvrk_interface/lib/python3.10/site-packages/sitl_dvrk_interface/utils/__pycache__/dvrk_utils.cpython-310.pyc
/home/hossein/ros2_ws/src/sitl_dvrk_interface/install/sitl_dvrk_interface/lib/python3.10/site-packages/sitl_dvrk_interface/utils/__pycache__/mdino_utils.cpython-310.pyc
/home/hossein/ros2_ws/src/sitl_dvrk_interface/install/sitl_dvrk_interface/lib/python3.10/site-packages/sitl_dvrk_interface/utils/__pycache__/dvrk_devel_utils.cpython-310.pyc
/home/hossein/ros2_ws/src/sitl_dvrk_interface/install/sitl_dvrk_interface/lib/python3.10/site-packages/sitl_dvrk_interface/utils/__pycache__/ecm_utils.cpython-310.pyc
/home/hossein/ros2_ws/src/sitl_dvrk_interface/install/sitl_dvrk_interface/lib/python3.10/site-packages/sitl_dvrk_interface/utils/__pycache__/ik_devel_utils.cpython-310.pyc
/home/hossein/ros2_ws/src/sitl_dvrk_interface/install/sitl_dvrk_interface/lib/python3.10/site-packages/sitl_dvrk_interface/utils/__pycache__/cv_utils.cpython-310.pyc
/home/hossein/ros2_ws/src/sitl_dvrk_interface/install/sitl_dvrk_interface/lib/python3.10/site-packages/sitl_dvrk_interface/utils/__pycache__/ik_utils.cpython-310.pyc
/home/hossein/ros2_ws/src/sitl_dvrk_interface/install/sitl_dvrk_interface/lib/python3.10/site-packages/sitl_dvrk_interface/utils/__pycache__/cv_cuda_utils.cpython-310.pyc
/home/hossein/ros2_ws/src/sitl_dvrk_interface/install/sitl_dvrk_interface/lib/python3.10/site-packages/sitl_dvrk_interface/utils/__pycache__/aruco_utils.cpython-310.pyc
/home/hossein/ros2_ws/src/sitl_dvrk_interface/install/sitl_dvrk_interface/lib/python3.10/site-packages/sitl_dvrk_interface/utils/__pycache__/tf_utils.cpython-310.pyc
/home/hossein/ros2_ws/src/sitl_dvrk_interface/install/sitl_dvrk_interface/share/ament_index/resource_index/packages/sitl_dvrk_interface
/home/hossein/ros2_ws/src/sitl_dvrk_interface/install/sitl_dvrk_interface/share/sitl_dvrk_interface/package.xml
/home/hossein/ros2_ws/src/sitl_dvrk_interface/install/sitl_dvrk_interface/lib/python3.10/site-packages/sitl_dvrk_interface-0.0.0-py3.10.egg-info/entry_points.txt
/home/hossein/ros2_ws/src/sitl_dvrk_interface/install/sitl_dvrk_interface/lib/python3.10/site-packages/sitl_dvrk_interface-0.0.0-py3.10.egg-info/dependency_links.txt
/home/hossein/ros2_ws/src/sitl_dvrk_interface/install/sitl_dvrk_interface/lib/python3.10/site-packages/sitl_dvrk_interface-0.0.0-py3.10.egg-info/SOURCES.txt
/home/hossein/ros2_ws/src/sitl_dvrk_interface/install/sitl_dvrk_interface/lib/python3.10/site-packages/sitl_dvrk_interface-0.0.0-py3.10.egg-info/zip-safe
/home/hossein/ros2_ws/src/sitl_dvrk_interface/install/sitl_dvrk_interface/lib/python3.10/site-packages/sitl_dvrk_interface-0.0.0-py3.10.egg-info/requires.txt
/home/hossein/ros2_ws/src/sitl_dvrk_interface/install/sitl_dvrk_interface/lib/python3.10/site-packages/sitl_dvrk_interface-0.0.0-py3.10.egg-info/top_level.txt
/home/hossein/ros2_ws/src/sitl_dvrk_interface/install/sitl_dvrk_interface/lib/python3.10/site-packages/sitl_dvrk_interface-0.0.0-py3.10.egg-info/PKG-INFO
/home/hossein/ros2_ws/src/sitl_dvrk_interface/install/sitl_dvrk_interface/lib/sitl_dvrk_interface/pub_cp
/home/hossein/ros2_ws/src/sitl_dvrk_interface/install/sitl_dvrk_interface/lib/sitl_dvrk_interface/pub_tf
