running egg_info
writing build/sitl_dvrk_interface/sitl_dvrk_interface.egg-info/PKG-INFO
writing dependency_links to build/sitl_dvrk_interface/sitl_dvrk_interface.egg-info/dependency_links.txt
writing entry points to build/sitl_dvrk_interface/sitl_dvrk_interface.egg-info/entry_points.txt
writing requirements to build/sitl_dvrk_interface/sitl_dvrk_interface.egg-info/requires.txt
writing top-level names to build/sitl_dvrk_interface/sitl_dvrk_interface.egg-info/top_level.txt
reading manifest file 'build/sitl_dvrk_interface/sitl_dvrk_interface.egg-info/SOURCES.txt'
writing manifest file 'build/sitl_dvrk_interface/sitl_dvrk_interface.egg-info/SOURCES.txt'
running build
running build_py
running install
running install_lib
running install_data
running install_egg_info
removing '/home/hossein/ros2_ws/src/sitl_dvrk_interface/install/sitl_dvrk_interface/lib/python3.10/site-packages/sitl_dvrk_interface-0.0.0-py3.10.egg-info' (and everything under it)
Copying build/sitl_dvrk_interface/sitl_dvrk_interface.egg-info to /home/hossein/ros2_ws/src/sitl_dvrk_interface/install/sitl_dvrk_interface/lib/python3.10/site-packages/sitl_dvrk_interface-0.0.0-py3.10.egg-info
running install_scripts
Installing pub_cp script to /home/hossein/ros2_ws/src/sitl_dvrk_interface/install/sitl_dvrk_interface/lib/sitl_dvrk_interface
Installing pub_tf script to /home/hossein/ros2_ws/src/sitl_dvrk_interface/install/sitl_dvrk_interface/lib/sitl_dvrk_interface
writing list of installed files to '/home/hossein/ros2_ws/src/sitl_dvrk_interface/build/sitl_dvrk_interface/install.log'
