[0.374s] Invoking command in '/home/hossein/ros2_ws/src/sitl_dvrk_interface': PYTHONPATH=/home/hossein/ros2_ws/src/sitl_dvrk_interface/build/sitl_dvrk_interface/prefix_override:/usr/lib/python3/dist-packages/colcon_core/task/python/colcon_distutils_commands:/home/hossein/ros2_ws/src/sitl_dvrk_interface/install/sitl_dvrk_interface/lib/python3.10/site-packages:${PYTHONPATH} /usr/bin/python3 -W ignore:setup.py install is deprecated setup.py egg_info --egg-base build/sitl_dvrk_interface build --build-base /home/hossein/ros2_ws/src/sitl_dvrk_interface/build/sitl_dvrk_interface/build install --record /home/hossein/ros2_ws/src/sitl_dvrk_interface/build/sitl_dvrk_interface/install.log --single-version-externally-managed install_data
[0.526s] running egg_info
[0.527s] writing build/sitl_dvrk_interface/sitl_dvrk_interface.egg-info/PKG-INFO
[0.527s] writing dependency_links to build/sitl_dvrk_interface/sitl_dvrk_interface.egg-info/dependency_links.txt
[0.527s] writing entry points to build/sitl_dvrk_interface/sitl_dvrk_interface.egg-info/entry_points.txt
[0.527s] writing requirements to build/sitl_dvrk_interface/sitl_dvrk_interface.egg-info/requires.txt
[0.527s] writing top-level names to build/sitl_dvrk_interface/sitl_dvrk_interface.egg-info/top_level.txt
[0.528s] reading manifest file 'build/sitl_dvrk_interface/sitl_dvrk_interface.egg-info/SOURCES.txt'
[0.529s] writing manifest file 'build/sitl_dvrk_interface/sitl_dvrk_interface.egg-info/SOURCES.txt'
[0.529s] running build
[0.529s] running build_py
[0.530s] running install
[0.530s] running install_lib
[0.531s] running install_data
[0.531s] running install_egg_info
[0.532s] removing '/home/hossein/ros2_ws/src/sitl_dvrk_interface/install/sitl_dvrk_interface/lib/python3.10/site-packages/sitl_dvrk_interface-0.0.0-py3.10.egg-info' (and everything under it)
[0.533s] Copying build/sitl_dvrk_interface/sitl_dvrk_interface.egg-info to /home/hossein/ros2_ws/src/sitl_dvrk_interface/install/sitl_dvrk_interface/lib/python3.10/site-packages/sitl_dvrk_interface-0.0.0-py3.10.egg-info
[0.533s] running install_scripts
[0.546s] Installing pub_cp script to /home/hossein/ros2_ws/src/sitl_dvrk_interface/install/sitl_dvrk_interface/lib/sitl_dvrk_interface
[0.546s] Installing pub_tf script to /home/hossein/ros2_ws/src/sitl_dvrk_interface/install/sitl_dvrk_interface/lib/sitl_dvrk_interface
[0.547s] writing list of installed files to '/home/hossein/ros2_ws/src/sitl_dvrk_interface/build/sitl_dvrk_interface/install.log'
[0.560s] Invoked command in '/home/hossein/ros2_ws/src/sitl_dvrk_interface' returned '0': PYTHONPATH=/home/hossein/ros2_ws/src/sitl_dvrk_interface/build/sitl_dvrk_interface/prefix_override:/usr/lib/python3/dist-packages/colcon_core/task/python/colcon_distutils_commands:/home/hossein/ros2_ws/src/sitl_dvrk_interface/install/sitl_dvrk_interface/lib/python3.10/site-packages:${PYTHONPATH} /usr/bin/python3 -W ignore:setup.py install is deprecated setup.py egg_info --egg-base build/sitl_dvrk_interface build --build-base /home/hossein/ros2_ws/src/sitl_dvrk_interface/build/sitl_dvrk_interface/build install --record /home/hossein/ros2_ws/src/sitl_dvrk_interface/build/sitl_dvrk_interface/install.log --single-version-externally-managed install_data
